nohup: ignoring input
[2025-06-18 06:37:22 +0000] [53710] [INFO] Starting gunicorn 23.0.0
[2025-06-18 06:37:22 +0000] [53710] [INFO] Listening at: http://127.0.0.1:9090 (53710)
[2025-06-18 06:37:22 +0000] [53710] [INFO] Using worker: sync
[2025-06-18 06:37:22 +0000] [53711] [INFO] Booting worker with pid: 53711
[2025-06-18 06:37:22 +0000] [53712] [INFO] Booting worker with pid: 53712
[2025-06-18 06:37:22 +0000] [53713] [INFO] Booting worker with pid: 53713
/home/ubuntu/manifexclothing/env/lib/python3.12/site-packages/razorpay/client.py:4: UserWarning: pkg_resources is deprecated as an API. See https://setuptools.pypa.io/en/latest/pkg_resources.html. The pkg_resources package is slated for removal as early as 2025-11-30. Refrain from using this package or pin to Setuptools<81.
  import pkg_resources
/home/ubuntu/manifexclothing/env/lib/python3.12/site-packages/razorpay/client.py:4: UserWarning: pkg_resources is deprecated as an API. See https://setuptools.pypa.io/en/latest/pkg_resources.html. The pkg_resources package is slated for removal as early as 2025-11-30. Refrain from using this package or pin to Setuptools<81.
  import pkg_resources
Internal Server Error: /login/
Traceback (most recent call last):
  File "/home/ubuntu/manifexclothing/env/lib/python3.12/site-packages/django/core/handlers/exception.py", line 55, in inner
    response = get_response(request)
               ^^^^^^^^^^^^^^^^^^^^^
  File "/home/ubuntu/manifexclothing/env/lib/python3.12/site-packages/django/core/handlers/base.py", line 197, in _get_response
    response = wrapped_callback(request, *callback_args, **callback_kwargs)
               ^^^^^^^^^^^^^^^^^^^^^^^^^^^^^^^^^^^^^^^^^^^^^^^^^^^^^^^^^^^^
  File "/home/ubuntu/manifexclothing/app1/views.py", line 353, in login_user
    return render(request, 'login.html')
    ^^^^^^^^^^^^^^^^^^^^^^^^^^^^^
  File "/home/ubuntu/manifexclothing/env/lib/python3.12/site-packages/django/shortcuts.py", line 25, in render
    content = loader.render_to_string(template_name, context, request, using=using)
              ^^^^^^^^^^^^^^^^^^^^^^^^^^^^^^^^^^^^^^^^^^^^^^^^^^^^^^^^^^^^^^^^^^^^^
  File "/home/ubuntu/manifexclothing/env/lib/python3.12/site-packages/django/template/loader.py", line 62, in render_to_string
    return template.render(context, request)
           ^^^^^^^^^^^^^^^^^^^^^^^^^^^^^^^^^
  File "/home/ubuntu/manifexclothing/env/lib/python3.12/site-packages/django/template/backends/django.py", line 107, in render
    return self.template.render(context)
           ^^^^^^^^^^^^^^^^^^^^^^^^^^^^^
  File "/home/ubuntu/manifexclothing/env/lib/python3.12/site-packages/django/template/base.py", line 171, in render
    return self._render(context)
           ^^^^^^^^^^^^^^^^^^^^^
  File "/home/ubuntu/manifexclothing/env/lib/python3.12/site-packages/django/template/base.py", line 163, in _render
    return self.nodelist.render(context)
           ^^^^^^^^^^^^^^^^^^^^^^^^^^^^^
  File "/home/ubuntu/manifexclothing/env/lib/python3.12/site-packages/django/template/base.py", line 1016, in render
    return SafeString("".join([node.render_annotated(context) for node in self]))
                               ^^^^^^^^^^^^^^^^^^^^^^^^^^^^^^
  File "/home/ubuntu/manifexclothing/env/lib/python3.12/site-packages/django/template/base.py", line 977, in render_annotated
    return self.render(context)
           ^^^^^^^^^^^^^^^^^^^^
  File "/home/ubuntu/manifexclothing/env/lib/python3.12/site-packages/django/template/library.py", line 321, in render
    output = self.func(*resolved_args, **resolved_kwargs)
             ^^^^^^^^^^^^^^^^^^^^^^^^^^^^^^^^^^^^^^^^^^^^
  File "/home/ubuntu/manifexclothing/env/lib/python3.12/site-packages/allauth/socialaccount/templatetags/socialaccount.py", line 21, in provider_login_url
    provider = adapter.get_provider(request, provider)
               ^^^^^^^^^^^^^^^^^^^^^^^^^^^^^^^^^^^^^^^
  File "/home/ubuntu/manifexclothing/env/lib/python3.12/site-packages/allauth/socialaccount/adapter.py", line 213, in get_provider
    app = self.get_app(request, provider=provider, client_id=client_id)
          ^^^^^^^^^^^^^^^^^^^^^^^^^^^^^^^^^^^^^^^^^^^^^^^^^^^^^^^^^^^^^
  File "/home/ubuntu/manifexclothing/env/lib/python3.12/site-packages/allauth/socialaccount/adapter.py", line 300, in get_app
    raise MultipleObjectsReturned
django.core.exceptions.MultipleObjectsReturned
Internal Server Error: /login/
Traceback (most recent call last):
  File "/home/ubuntu/manifexclothing/env/lib/python3.12/site-packages/django/core/handlers/exception.py", line 55, in inner
    response = get_response(request)
               ^^^^^^^^^^^^^^^^^^^^^
  File "/home/ubuntu/manifexclothing/env/lib/python3.12/site-packages/django/core/handlers/base.py", line 197, in _get_response
    response = wrapped_callback(request, *callback_args, **callback_kwargs)
               ^^^^^^^^^^^^^^^^^^^^^^^^^^^^^^^^^^^^^^^^^^^^^^^^^^^^^^^^^^^^
  File "/home/ubuntu/manifexclothing/app1/views.py", line 353, in login_user
    return render(request, 'login.html')
    ^^^^^^^^^^^^^^^^^^^^^^^^^^^^^
  File "/home/ubuntu/manifexclothing/env/lib/python3.12/site-packages/django/shortcuts.py", line 25, in render
    content = loader.render_to_string(template_name, context, request, using=using)
              ^^^^^^^^^^^^^^^^^^^^^^^^^^^^^^^^^^^^^^^^^^^^^^^^^^^^^^^^^^^^^^^^^^^^^
  File "/home/ubuntu/manifexclothing/env/lib/python3.12/site-packages/django/template/loader.py", line 62, in render_to_string
    return template.render(context, request)
           ^^^^^^^^^^^^^^^^^^^^^^^^^^^^^^^^^
  File "/home/ubuntu/manifexclothing/env/lib/python3.12/site-packages/django/template/backends/django.py", line 107, in render
    return self.template.render(context)
           ^^^^^^^^^^^^^^^^^^^^^^^^^^^^^
  File "/home/ubuntu/manifexclothing/env/lib/python3.12/site-packages/django/template/base.py", line 171, in render
    return self._render(context)
           ^^^^^^^^^^^^^^^^^^^^^
  File "/home/ubuntu/manifexclothing/env/lib/python3.12/site-packages/django/template/base.py", line 163, in _render
    return self.nodelist.render(context)
           ^^^^^^^^^^^^^^^^^^^^^^^^^^^^^
  File "/home/ubuntu/manifexclothing/env/lib/python3.12/site-packages/django/template/base.py", line 1016, in render
    return SafeString("".join([node.render_annotated(context) for node in self]))
                               ^^^^^^^^^^^^^^^^^^^^^^^^^^^^^^
  File "/home/ubuntu/manifexclothing/env/lib/python3.12/site-packages/django/template/base.py", line 977, in render_annotated
    return self.render(context)
           ^^^^^^^^^^^^^^^^^^^^
  File "/home/ubuntu/manifexclothing/env/lib/python3.12/site-packages/django/template/library.py", line 321, in render
    output = self.func(*resolved_args, **resolved_kwargs)
             ^^^^^^^^^^^^^^^^^^^^^^^^^^^^^^^^^^^^^^^^^^^^
  File "/home/ubuntu/manifexclothing/env/lib/python3.12/site-packages/allauth/socialaccount/templatetags/socialaccount.py", line 21, in provider_login_url
    provider = adapter.get_provider(request, provider)
               ^^^^^^^^^^^^^^^^^^^^^^^^^^^^^^^^^^^^^^^
  File "/home/ubuntu/manifexclothing/env/lib/python3.12/site-packages/allauth/socialaccount/adapter.py", line 213, in get_provider
    app = self.get_app(request, provider=provider, client_id=client_id)
          ^^^^^^^^^^^^^^^^^^^^^^^^^^^^^^^^^^^^^^^^^^^^^^^^^^^^^^^^^^^^^
  File "/home/ubuntu/manifexclothing/env/lib/python3.12/site-packages/allauth/socialaccount/adapter.py", line 300, in get_app
    raise MultipleObjectsReturned
django.core.exceptions.MultipleObjectsReturned
/home/ubuntu/manifexclothing/env/lib/python3.12/site-packages/razorpay/client.py:4: UserWarning: pkg_resources is deprecated as an API. See https://setuptools.pypa.io/en/latest/pkg_resources.html. The pkg_resources package is slated for removal as early as 2025-11-30. Refrain from using this package or pin to Setuptools<81.
  import pkg_resources
Internal Server Error: /login/
Traceback (most recent call last):
  File "/home/ubuntu/manifexclothing/env/lib/python3.12/site-packages/django/core/handlers/exception.py", line 55, in inner
    response = get_response(request)
               ^^^^^^^^^^^^^^^^^^^^^
  File "/home/ubuntu/manifexclothing/env/lib/python3.12/site-packages/django/core/handlers/base.py", line 197, in _get_response
    response = wrapped_callback(request, *callback_args, **callback_kwargs)
               ^^^^^^^^^^^^^^^^^^^^^^^^^^^^^^^^^^^^^^^^^^^^^^^^^^^^^^^^^^^^
  File "/home/ubuntu/manifexclothing/app1/views.py", line 353, in login_user
    return render(request, 'login.html')
    ^^^^^^^^^^^^^^^^^^^^^^^^^^^^^
  File "/home/ubuntu/manifexclothing/env/lib/python3.12/site-packages/django/shortcuts.py", line 25, in render
    content = loader.render_to_string(template_name, context, request, using=using)
              ^^^^^^^^^^^^^^^^^^^^^^^^^^^^^^^^^^^^^^^^^^^^^^^^^^^^^^^^^^^^^^^^^^^^^
  File "/home/ubuntu/manifexclothing/env/lib/python3.12/site-packages/django/template/loader.py", line 62, in render_to_string
    return template.render(context, request)
           ^^^^^^^^^^^^^^^^^^^^^^^^^^^^^^^^^
  File "/home/ubuntu/manifexclothing/env/lib/python3.12/site-packages/django/template/backends/django.py", line 107, in render
    return self.template.render(context)
           ^^^^^^^^^^^^^^^^^^^^^^^^^^^^^
  File "/home/ubuntu/manifexclothing/env/lib/python3.12/site-packages/django/template/base.py", line 171, in render
    return self._render(context)
           ^^^^^^^^^^^^^^^^^^^^^
  File "/home/ubuntu/manifexclothing/env/lib/python3.12/site-packages/django/template/base.py", line 163, in _render
    return self.nodelist.render(context)
           ^^^^^^^^^^^^^^^^^^^^^^^^^^^^^
  File "/home/ubuntu/manifexclothing/env/lib/python3.12/site-packages/django/template/base.py", line 1016, in render
    return SafeString("".join([node.render_annotated(context) for node in self]))
                               ^^^^^^^^^^^^^^^^^^^^^^^^^^^^^^
  File "/home/ubuntu/manifexclothing/env/lib/python3.12/site-packages/django/template/base.py", line 977, in render_annotated
    return self.render(context)
           ^^^^^^^^^^^^^^^^^^^^
  File "/home/ubuntu/manifexclothing/env/lib/python3.12/site-packages/django/template/library.py", line 321, in render
    output = self.func(*resolved_args, **resolved_kwargs)
             ^^^^^^^^^^^^^^^^^^^^^^^^^^^^^^^^^^^^^^^^^^^^
  File "/home/ubuntu/manifexclothing/env/lib/python3.12/site-packages/allauth/socialaccount/templatetags/socialaccount.py", line 21, in provider_login_url
    provider = adapter.get_provider(request, provider)
               ^^^^^^^^^^^^^^^^^^^^^^^^^^^^^^^^^^^^^^^
  File "/home/ubuntu/manifexclothing/env/lib/python3.12/site-packages/allauth/socialaccount/adapter.py", line 213, in get_provider
    app = self.get_app(request, provider=provider, client_id=client_id)
          ^^^^^^^^^^^^^^^^^^^^^^^^^^^^^^^^^^^^^^^^^^^^^^^^^^^^^^^^^^^^^
  File "/home/ubuntu/manifexclothing/env/lib/python3.12/site-packages/allauth/socialaccount/adapter.py", line 300, in get_app
    raise MultipleObjectsReturned
django.core.exceptions.MultipleObjectsReturned
Internal Server Error: /login/
Traceback (most recent call last):
  File "/home/ubuntu/manifexclothing/env/lib/python3.12/site-packages/django/core/handlers/exception.py", line 55, in inner
    response = get_response(request)
               ^^^^^^^^^^^^^^^^^^^^^
  File "/home/ubuntu/manifexclothing/env/lib/python3.12/site-packages/django/core/handlers/base.py", line 197, in _get_response
    response = wrapped_callback(request, *callback_args, **callback_kwargs)
               ^^^^^^^^^^^^^^^^^^^^^^^^^^^^^^^^^^^^^^^^^^^^^^^^^^^^^^^^^^^^
  File "/home/ubuntu/manifexclothing/app1/views.py", line 353, in login_user
    return render(request, 'login.html')
    ^^^^^^^^^^^^^^^^^^^^^^^^^^^^^
  File "/home/ubuntu/manifexclothing/env/lib/python3.12/site-packages/django/shortcuts.py", line 25, in render
    content = loader.render_to_string(template_name, context, request, using=using)
              ^^^^^^^^^^^^^^^^^^^^^^^^^^^^^^^^^^^^^^^^^^^^^^^^^^^^^^^^^^^^^^^^^^^^^
  File "/home/ubuntu/manifexclothing/env/lib/python3.12/site-packages/django/template/loader.py", line 62, in render_to_string
    return template.render(context, request)
           ^^^^^^^^^^^^^^^^^^^^^^^^^^^^^^^^^
  File "/home/ubuntu/manifexclothing/env/lib/python3.12/site-packages/django/template/backends/django.py", line 107, in render
    return self.template.render(context)
           ^^^^^^^^^^^^^^^^^^^^^^^^^^^^^
  File "/home/ubuntu/manifexclothing/env/lib/python3.12/site-packages/django/template/base.py", line 171, in render
    return self._render(context)
           ^^^^^^^^^^^^^^^^^^^^^
  File "/home/ubuntu/manifexclothing/env/lib/python3.12/site-packages/django/template/base.py", line 163, in _render
    return self.nodelist.render(context)
           ^^^^^^^^^^^^^^^^^^^^^^^^^^^^^
  File "/home/ubuntu/manifexclothing/env/lib/python3.12/site-packages/django/template/base.py", line 1016, in render
    return SafeString("".join([node.render_annotated(context) for node in self]))
                               ^^^^^^^^^^^^^^^^^^^^^^^^^^^^^^
  File "/home/ubuntu/manifexclothing/env/lib/python3.12/site-packages/django/template/base.py", line 977, in render_annotated
    return self.render(context)
           ^^^^^^^^^^^^^^^^^^^^
  File "/home/ubuntu/manifexclothing/env/lib/python3.12/site-packages/django/template/library.py", line 321, in render
    output = self.func(*resolved_args, **resolved_kwargs)
             ^^^^^^^^^^^^^^^^^^^^^^^^^^^^^^^^^^^^^^^^^^^^
  File "/home/ubuntu/manifexclothing/env/lib/python3.12/site-packages/allauth/socialaccount/templatetags/socialaccount.py", line 21, in provider_login_url
    provider = adapter.get_provider(request, provider)
               ^^^^^^^^^^^^^^^^^^^^^^^^^^^^^^^^^^^^^^^
  File "/home/ubuntu/manifexclothing/env/lib/python3.12/site-packages/allauth/socialaccount/adapter.py", line 213, in get_provider
    app = self.get_app(request, provider=provider, client_id=client_id)
          ^^^^^^^^^^^^^^^^^^^^^^^^^^^^^^^^^^^^^^^^^^^^^^^^^^^^^^^^^^^^^
  File "/home/ubuntu/manifexclothing/env/lib/python3.12/site-packages/allauth/socialaccount/adapter.py", line 300, in get_app
    raise MultipleObjectsReturned
django.core.exceptions.MultipleObjectsReturned
[2025-06-18 12:30:31 +0530] [53711] [INFO] Worker exiting (pid: 53711)
[2025-06-18 07:00:31 +0000] [53710] [INFO] Handling signal: term
[2025-06-18 12:30:31 +0530] [53712] [INFO] Worker exiting (pid: 53712)
[2025-06-18 12:30:31 +0530] [53713] [INFO] Worker exiting (pid: 53713)
[2025-06-18 07:00:32 +0000] [53710] [INFO] Shutting down: Master
